Archive member included to satisfy reference by file (symbol)

c:/program files (x86)/atmel/studio/7.0/toolchain/avr8/avr8-gnu-toolchain/bin/../lib/gcc/avr/5.4.0/../../../../avr/lib/avr5\libm.a(floatsisf.o)
                              ds3231.o (__floatsisf)
c:/program files (x86)/atmel/studio/7.0/toolchain/avr8/avr8-gnu-toolchain/bin/../lib/gcc/avr/5.4.0/../../../../avr/lib/avr5\libm.a(mulsf3.o)
                              ds3231.o (__mulsf3)
c:/program files (x86)/atmel/studio/7.0/toolchain/avr8/avr8-gnu-toolchain/bin/../lib/gcc/avr/5.4.0/../../../../avr/lib/avr5\libm.a(mulsf3x.o)
                              c:/program files (x86)/atmel/studio/7.0/toolchain/avr8/avr8-gnu-toolchain/bin/../lib/gcc/avr/5.4.0/../../../../avr/lib/avr5\libm.a(mulsf3.o) (__mulsf3x)
c:/program files (x86)/atmel/studio/7.0/toolchain/avr8/avr8-gnu-toolchain/bin/../lib/gcc/avr/5.4.0/../../../../avr/lib/avr5\libm.a(fp_inf.o)
                              c:/program files (x86)/atmel/studio/7.0/toolchain/avr8/avr8-gnu-toolchain/bin/../lib/gcc/avr/5.4.0/../../../../avr/lib/avr5\libm.a(mulsf3x.o) (__fp_inf)
c:/program files (x86)/atmel/studio/7.0/toolchain/avr8/avr8-gnu-toolchain/bin/../lib/gcc/avr/5.4.0/../../../../avr/lib/avr5\libm.a(fp_nan.o)
                              c:/program files (x86)/atmel/studio/7.0/toolchain/avr8/avr8-gnu-toolchain/bin/../lib/gcc/avr/5.4.0/../../../../avr/lib/avr5\libm.a(mulsf3x.o) (__fp_nan)
c:/program files (x86)/atmel/studio/7.0/toolchain/avr8/avr8-gnu-toolchain/bin/../lib/gcc/avr/5.4.0/../../../../avr/lib/avr5\libm.a(fp_pscA.o)
                              c:/program files (x86)/atmel/studio/7.0/toolchain/avr8/avr8-gnu-toolchain/bin/../lib/gcc/avr/5.4.0/../../../../avr/lib/avr5\libm.a(mulsf3x.o) (__fp_pscA)
c:/program files (x86)/atmel/studio/7.0/toolchain/avr8/avr8-gnu-toolchain/bin/../lib/gcc/avr/5.4.0/../../../../avr/lib/avr5\libm.a(fp_pscB.o)
                              c:/program files (x86)/atmel/studio/7.0/toolchain/avr8/avr8-gnu-toolchain/bin/../lib/gcc/avr/5.4.0/../../../../avr/lib/avr5\libm.a(mulsf3x.o) (__fp_pscB)
c:/program files (x86)/atmel/studio/7.0/toolchain/avr8/avr8-gnu-toolchain/bin/../lib/gcc/avr/5.4.0/../../../../avr/lib/avr5\libm.a(fp_round.o)
                              c:/program files (x86)/atmel/studio/7.0/toolchain/avr8/avr8-gnu-toolchain/bin/../lib/gcc/avr/5.4.0/../../../../avr/lib/avr5\libm.a(mulsf3.o) (__fp_round)
c:/program files (x86)/atmel/studio/7.0/toolchain/avr8/avr8-gnu-toolchain/bin/../lib/gcc/avr/5.4.0/../../../../avr/lib/avr5\libm.a(fp_split3.o)
                              c:/program files (x86)/atmel/studio/7.0/toolchain/avr8/avr8-gnu-toolchain/bin/../lib/gcc/avr/5.4.0/../../../../avr/lib/avr5\libm.a(mulsf3x.o) (__fp_split3)
c:/program files (x86)/atmel/studio/7.0/toolchain/avr8/avr8-gnu-toolchain/bin/../lib/gcc/avr/5.4.0/../../../../avr/lib/avr5\libm.a(fp_zero.o)
                              c:/program files (x86)/atmel/studio/7.0/toolchain/avr8/avr8-gnu-toolchain/bin/../lib/gcc/avr/5.4.0/../../../../avr/lib/avr5\libm.a(mulsf3x.o) (__fp_szero)
c:/program files (x86)/atmel/studio/7.0/toolchain/avr8/avr8-gnu-toolchain/bin/../lib/gcc/avr/5.4.0/../../../../avr/lib/avr5\libprintf_flt.a(vfprintf_flt.o)
                              (vfprintf)
c:/program files (x86)/atmel/studio/7.0/toolchain/avr8/avr8-gnu-toolchain/bin/../lib/gcc/avr/5.4.0/avr5\libgcc.a(_divmodhi4.o)
                              clock.o (__divmodhi4)
c:/program files (x86)/atmel/studio/7.0/toolchain/avr8/avr8-gnu-toolchain/bin/../lib/gcc/avr/5.4.0/avr5\libgcc.a(_exit.o)
                              C:/Program Files (x86)/Atmel/Studio/7.0/Packs/atmel/ATmega_DFP/1.7.374/gcc/dev/atmega328p/avr5/crtatmega328p.o (exit)
c:/program files (x86)/atmel/studio/7.0/toolchain/avr8/avr8-gnu-toolchain/bin/../lib/gcc/avr/5.4.0/avr5\libgcc.a(_tablejump2.o)
                              clock.o (__tablejump2__)
c:/program files (x86)/atmel/studio/7.0/toolchain/avr8/avr8-gnu-toolchain/bin/../lib/gcc/avr/5.4.0/avr5\libgcc.a(_copy_data.o)
                              clock.o (__do_copy_data)
c:/program files (x86)/atmel/studio/7.0/toolchain/avr8/avr8-gnu-toolchain/bin/../lib/gcc/avr/5.4.0/avr5\libgcc.a(_clear_bss.o)
                              i2c.o (__do_clear_bss)
c:/program files (x86)/atmel/studio/7.0/toolchain/avr8/avr8-gnu-toolchain/bin/../lib/gcc/avr/5.4.0/avr5\libgcc.a(_prologue.o)
                              c:/program files (x86)/atmel/studio/7.0/toolchain/avr8/avr8-gnu-toolchain/bin/../lib/gcc/avr/5.4.0/../../../../avr/lib/avr5\libprintf_flt.a(vfprintf_flt.o) (__prologue_saves__)
c:/program files (x86)/atmel/studio/7.0/toolchain/avr8/avr8-gnu-toolchain/bin/../lib/gcc/avr/5.4.0/avr5\libgcc.a(_epilogue.o)
                              c:/program files (x86)/atmel/studio/7.0/toolchain/avr8/avr8-gnu-toolchain/bin/../lib/gcc/avr/5.4.0/../../../../avr/lib/avr5\libprintf_flt.a(vfprintf_flt.o) (__epilogue_restores__)
[...]
Memory Configuration

Name             Origin             Length             Attributes
text             0x00000000         0x00008000         xr
data             0x00800100         0x00000800         rw !x
eeprom           0x00810000         0x00000400         rw !x
fuse             0x00820000         0x00000003         rw !x
lock             0x00830000         0x00000400         rw !x
signature        0x00840000         0x00000400         rw !x
user_signatures  0x00850000         0x00000400         rw !x
*default*        0x00000000         0xffffffff

Linker script and memory map

Address of section .data set to 0x800100
LOAD C:/Program Files (x86)/Atmel/Studio/7.0/Packs/atmel/ATmega_DFP/1.7.374/gcc/dev/atmega328p/avr5/crtatmega328p.o
LOAD clock.o
LOAD ds3231.o
LOAD font.o
LOAD i2c.o
LOAD main.o
LOAD oled.o
LOAD usart.o
START GROUP
LOAD c:/program files (x86)/atmel/studio/7.0/toolchain/avr8/avr8-gnu-toolchain/bin/../lib/gcc/avr/5.4.0/../../../../avr/lib/avr5\libm.a
END GROUP
LOAD c:/program files (x86)/atmel/studio/7.0/toolchain/avr8/avr8-gnu-toolchain/bin/../lib/gcc/avr/5.4.0/../../../../avr/lib/avr5\libprintf_flt.a
LOAD c:/program files (x86)/atmel/studio/7.0/toolchain/avr8/avr8-gnu-toolchain/bin/../lib/gcc/avr/5.4.0/../../../../avr/lib/avr5\libm.a
START GROUP
LOAD c:/program files (x86)/atmel/studio/7.0/toolchain/avr8/avr8-gnu-toolchain/bin/../lib/gcc/avr/5.4.0/avr5\libgcc.a
LOAD c:/program files (x86)/atmel/studio/7.0/toolchain/avr8/avr8-gnu-toolchain/bin/../lib/gcc/avr/5.4.0/../../../../avr/lib/avr5\libm.a
LOAD c:/program files (x86)/atmel/studio/7.0/toolchain/avr8/avr8-gnu-toolchain/bin/../lib/gcc/avr/5.4.0/../../../../avr/lib/avr5\libc.a
LOAD C:/Program Files (x86)/Atmel/Studio/7.0/Packs/atmel/ATmega_DFP/1.7.374/gcc/dev/atmega328p/avr5\libatmega328p.a
END GROUP
                0x00000000                __TEXT_REGION_ORIGIN__ = DEFINED (__TEXT_REGION_ORIGIN__)?__TEXT_REGION_ORIGIN__:0x0
                [0x00800100]                __DATA_REGION_ORIGIN__ = DEFINED (__DATA_REGION_ORIGIN__)?__DATA_REGION_ORIGIN__:0x800060
                [0x00008000]                __TEXT_REGION_LENGTH__ = DEFINED (__TEXT_REGION_LENGTH__)?__TEXT_REGION_LENGTH__:0x20000
                [0x00000800]                __DATA_REGION_LENGTH__ = DEFINED (__DATA_REGION_LENGTH__)?__DATA_REGION_LENGTH__:0xffa0
                [0x00000400]                __EEPROM_REGION_LENGTH__ = DEFINED (__EEPROM_REGION_LENGTH__)?__EEPROM_REGION_LENGTH__:0x10000
                [0x00000003]                __FUSE_REGION_LENGTH__ = DEFINED (__FUSE_REGION_LENGTH__)?__FUSE_REGION_LENGTH__:0x400
                0x00000400                __LOCK_REGION_LENGTH__ = DEFINED (__LOCK_REGION_LENGTH__)?__LOCK_REGION_LENGTH__:0x400
                0x00000400                __SIGNATURE_REGION_LENGTH__ = DEFINED (__SIGNATURE_REGION_LENGTH__)?__SIGNATURE_REGION_LENGTH__:0x400
                0x00000400                __USER_SIGNATURE_REGION_LENGTH__ = DEFINED (__USER_SIGNATURE_REGION_LENGTH__)?__USER_SIGNATURE_REGION_LENGTH__:0x400

.hash
 *(.hash)

.dynsym
 *(.dynsym)

.dynstr
 *(.dynstr)

.gnu.version
 *(.gnu.version)

.gnu.version_d
 *(.gnu.version_d)

.gnu.version_r
 *(.gnu.version_r)

.rel.init
 *(.rel.init)

.rela.init
 *(.rela.init)

.rel.text
 *(.rel.text)
 *(.rel.text.*)
 *(.rel.gnu.linkonce.t*)

.rela.text
 *(.rela.text)
 *(.rela.text.*)
 *(.rela.gnu.linkonce.t*)

.rel.fini
 *(.rel.fini)

.rela.fini
 *(.rela.fini)

.rel.rodata
 *(.rel.rodata)
 *(.rel.rodata.*)
 *(.rel.gnu.linkonce.r*)

.rela.rodata
 *(.rela.rodata)
 *(.rela.rodata.*)
 *(.rela.gnu.linkonce.r*)

.rel.data
 *(.rel.data)
 *(.rel.data.*)
 *(.rel.gnu.linkonce.d*)

.rela.data
 *(.rela.data)
 *(.rela.data.*)
 *(.rela.gnu.linkonce.d*)

.rel.ctors
 *(.rel.ctors)

.rela.ctors
 *(.rela.ctors)

.rel.dtors
 *(.rel.dtors)

.rela.dtors
 *(.rela.dtors)

.rel.got
 *(.rel.got)

.rela.got
 *(.rela.got)

.rel.bss
 *(.rel.bss)

.rela.bss
 *(.rela.bss)

.rel.plt
 *(.rel.plt)

.rela.plt
 *(.rela.plt)

.text           0x00000000     0x25ba
 *(.vectors)
 .vectors       0x00000000       0x68 C:/Program Files (x86)/Atmel/Studio/7.0/Packs/atmel/ATmega_DFP/1.7.374/gcc/dev/atmega328p/avr5/crtatmega328p.o
                0x00000000                __vector_default
                0x00000000                __vectors
 *(.vectors)
 *(.progmem.gcc*)
                0x00000068                . = ALIGN (0x2)
                0x00000068                __trampolines_start = .
 *(.trampolines)
 .trampolines   0x00000068        0x0 linker stubs
 *(.trampolines*)
                0x00000068                __trampolines_end = .
 *libprintf_flt.a:*(.progmem.data)
 .progmem.data  0x00000068        0x8 c:/program files (x86)/atmel/studio/7.0/toolchain/avr8/avr8-gnu-toolchain/bin/../lib/gcc/avr/5.4.0/../../../../avr/lib/avr5\libprintf_flt.a(vfprintf_flt.o)
 *libc.a:*(.progmem.data)
 .progmem.data  0x00000070       0xfa c:/program files (x86)/atmel/studio/7.0/toolchain/avr8/avr8-gnu-toolchain/bin/../lib/gcc/avr/5.4.0/../../../../avr/lib/avr5\libc.a(ftoa_engine.o)
 *(.progmem*)
 .progmem.data.special_char
                0x0000016a       0x18 font.o
                0x0000016a                special_char
 .progmem.data.ssd1306oled_font
                0x00000182      0x27c font.o
                0x00000182                ssd1306oled_font
 .progmem.data.__c.2927
                0x000003fe        0x6 main.o
 .progmem.data.__c.2922
                0x00000404        0x5 main.o
 .progmem.data.__c.2920
                0x00000409        0xc main.o
 .progmem.data.__c.2918
                0x00000415       0x24 main.o
 .progmem.data.__c.2916
                0x00000439       0x1b main.o
 .progmem.data.__c.2914
                0x00000454        0x3 main.o
 .progmem.data.__c.2912
                0x00000457       0x22 main.o
 .progmem.data.__c.2910
                0x00000479        0x3 main.o
 .progmem.data.__c.2908
                0x0000047c       0x23 main.o
 .progmem.data.__c.2903
                0x0000049f       0x20 main.o
 .progmem.data.__c.2901
                0x000004bf       0x29 main.o
 .progmem.data.__c.2899
                0x000004e8       0x22 main.o
 .progmem.data.__c.2897
                0x0000050a       0x1b main.o
 .progmem.data.__c.2895
                0x00000525       0x16 main.o
 .progmem.data.__c.2893
                0x0000053b        0x8 main.o
 .progmem.data.init_sequence
                0x00000543       0x1b oled.o
                0x00000543                init_sequence
 .progmemx.data
                0x0000055e       0x3b c:/program files (x86)/atmel/studio/7.0/toolchain/avr8/avr8-gnu-toolchain/bin/../lib/gcc/avr/5.4.0/../../../../avr/lib/avr5\libc.a(asctime_r.o)
                0x0000055e                ascdays
                0x00000574                ascmonths
                0x0000059a                . = ALIGN (0x2)
 *fill*         0x00000599        0x1 
 *(.jumptables)
 *(.jumptables*)
 *(.lowtext)
 *(.lowtext*)
                0x0000059a                __ctors_start = .
 *(.ctors)
                0x0000059a                __ctors_end = .
                0x0000059a                __dtors_start = .
 *(.dtors)
                0x0000059a                __dtors_end = .
 SORT(*)(.ctors)
 SORT(*)(.dtors)
 *(.init0)
 .init0         0x0000059a        0x0 C:/Program Files (x86)/Atmel/Studio/7.0/Packs/atmel/ATmega_DFP/1.7.374/gcc/dev/atmega328p/avr5/crtatmega328p.o
                0x0000059a                __init
 *(.init0)
 *(.init1)
 *(.init1)
 *(.init2)
 .init2         0x0000059a        0xc C:/Program Files (x86)/Atmel/Studio/7.0/Packs/atmel/ATmega_DFP/1.7.374/gcc/dev/atmega328p/avr5/crtatmega328p.o
 *(.init2)
 *(.init3)
 *(.init3)
 *(.init4)
 .init4         0x000005a6       0x16 c:/program files (x86)/atmel/studio/7.0/toolchain/avr8/avr8-gnu-toolchain/bin/../lib/gcc/avr/5.4.0/avr5\libgcc.a(_copy_data.o)
                0x000005a6                __do_copy_data
 .init4         0x000005bc       0x10 c:/program files (x86)/atmel/studio/7.0/toolchain/avr8/avr8-gnu-toolchain/bin/../lib/gcc/avr/5.4.0/avr5\libgcc.a(_clear_bss.o)
                0x000005bc                __do_clear_bss
 *(.init4)
 *(.init5)
 *(.init5)
 *(.init6)
 *(.init6)
 *(.init7)
 *(.init7)
 *(.init8)
 *(.init8)
 *(.init9)
 .init9         0x000005cc        0x8 C:/Program Files (x86)/Atmel/Studio/7.0/Packs/atmel/ATmega_DFP/1.7.374/gcc/dev/atmega328p/avr5/crtatmega328p.o
 *(.init9)
 *(.text)
 .text          0x000005d4        0x4 C:/Program Files (x86)/Atmel/Studio/7.0/Packs/atmel/ATmega_DFP/1.7.374/gcc/dev/atmega328p/avr5/crtatmega328p.o
                0x000005d4                __vector_22
                0x000005d4                __vector_24
                0x000005d4                __vector_12
                0x000005d4                __bad_interrupt
                0x000005d4                __vector_6
                0x000005d4                __vector_3
                0x000005d4                __vector_23
                0x000005d4                __vector_25
                0x000005d4                __vector_11
                0x000005d4                __vector_13
                0x000005d4                __vector_17
                0x000005d4                __vector_7
                0x000005d4                __vector_5
                0x000005d4                __vector_4
                0x000005d4                __vector_9
                0x000005d4                __vector_2
                0x000005d4                __vector_21
                0x000005d4                __vector_15
                0x000005d4                __vector_8
                0x000005d4                __vector_14
                0x000005d4                __vector_10
                0x000005d4                __vector_20
 .text          0x000005d8       0x36 c:/program files (x86)/atmel/studio/7.0/toolchain/avr8/avr8-gnu-toolchain/bin/../lib/gcc/avr/5.4.0/../../../../avr/lib/avr5\libc.a(ctime.o)
                0x000005d8                ctime
 .text          0x0000060e       0x84 c:/program files (x86)/atmel/studio/7.0/toolchain/avr8/avr8-gnu-toolchain/bin/../lib/gcc/avr/5.4.0/../../../../avr/lib/avr5\libc.a(localtime_r.o)
                0x0000060e                localtime_r
 .text          0x00000692       0xb2 c:/program files (x86)/atmel/studio/7.0/toolchain/avr8/avr8-gnu-toolchain/bin/../lib/gcc/avr/5.4.0/../../../../avr/lib/avr5\libc.a(mktime.o)
                0x00000692                mktime
 .text          0x00000744       0x18 c:/program files (x86)/atmel/studio/7.0/toolchain/avr8/avr8-gnu-toolchain/bin/../lib/gcc/avr/5.4.0/../../../../avr/lib/avr5\libc.a(set_system_time.o)
                0x00000744                set_system_time
 .text          0x0000075c       0xfc c:/program files (x86)/atmel/studio/7.0/toolchain/avr8/avr8-gnu-toolchain/bin/../lib/gcc/avr/5.4.0/../../../../avr/lib/avr5\libc.a(asctime_r.o)
                0x0000075c                asctime_r
 .text          0x00000858      0x18e c:/program files (x86)/atmel/studio/7.0/toolchain/avr8/avr8-gnu-toolchain/bin/../lib/gcc/avr/5.4.0/../../../../avr/lib/avr5\libc.a(gmtime_r.o)
                0x00000858                gmtime_r
 .text          0x000009e6       0x28 c:/program files (x86)/atmel/studio/7.0/toolchain/avr8/avr8-gnu-toolchain/bin/../lib/gcc/avr/5.4.0/../../../../avr/lib/avr5\libc.a(isLeap.o)
                0x000009e6                is_leap_year
 .text          0x00000a0e      0x156 c:/program files (x86)/atmel/studio/7.0/toolchain/avr8/avr8-gnu-toolchain/bin/../lib/gcc/avr/5.4.0/../../../../avr/lib/avr5\libc.a(mk_gmtime.o)
                0x00000a0e                mk_gmtime
 .text          0x00000b64       0x24 c:/program files (x86)/atmel/studio/7.0/toolchain/avr8/avr8-gnu-toolchain/bin/../lib/gcc/avr/5.4.0/../../../../avr/lib/avr5\libc.a(print_lz.o)
                0x00000b64                __print_lz
                0x00000b88                . = ALIGN (0x2)
 *(.text.*)
 .text.bcdToDec_u8
                0x00000b88       0x16 ds3231.o
                0x00000b88                bcdToDec_u8
 .text.rtc_setByte
                0x00000b9e       0x24 ds3231.o
                0x00000b9e                rtc_setByte
 .text.rtc_getByte
                0x00000bc2       0x2a ds3231.o
                0x00000bc2                rtc_getByte
 .text.rtc_setTwelveHourFormat
                0x00000bec       0x36 ds3231.o
                0x00000bec                rtc_setTwelveHourFormat
 .text.rtc_getTwelveHourFormat
                0x00000c22        0xe ds3231.o
                0x00000c22                rtc_getTwelveHourFormat
 .text.rtc_getCentury
                0x00000c30        0xe ds3231.o
                0x00000c30                rtc_getCentury
 .text.rtc_getSeconds
                0x00000c3e        0xc ds3231.o
                0x00000c3e                rtc_getSeconds
 .text.rtc_getMinutes
                0x00000c4a        0xc ds3231.o
                0x00000c4a                rtc_getMinutes
 .text.rtc_getHours
                0x00000c56       0x2a ds3231.o
                0x00000c56                rtc_getHours
 .text.rtc_getDay
                0x00000c80        0xc ds3231.o
                0x00000c80                rtc_getDay
 .text.rtc_getMonth
                0x00000c8c        0xa ds3231.o
                0x00000c8c                rtc_getMonth
 .text.rtc_getYear_8b
                0x00000c96        0xc ds3231.o
                0x00000c96                rtc_getYear_8b
 .text.rtc_formatYear
                0x00000ca2        0x8 ds3231.o
                0x00000ca2                rtc_formatYear
 .text.rtc_getYear
                0x00000caa       0x22 ds3231.o
                0x00000caa                rtc_getYear
 .text.rtc_getTime
                0x00000ccc       0x56 ds3231.o
                0x00000ccc                rtc_getTime
 .text.rtc_getTemp
                0x00000d22       0x54 ds3231.o
                0x00000d22                rtc_getTemp
 .text.i2c_init
                0x00000d76       0x12 i2c.o
                0x00000d76                i2c_init
 .text.i2c_start_sla
                0x00000d88       0x5a i2c.o
                0x00000d88                i2c_start_sla
 .text.i2c_stop
                0x00000de2        0x8 i2c.o
                0x00000de2                i2c_stop
 .text.i2c_write
                0x00000dea       0x2e i2c.o
                0x00000dea                i2c_write
 .text.i2c_readAck
                0x00000e18       0x30 i2c.o
                0x00000e18                i2c_readAck
 .text.i2c_readNAck
                0x00000e48       0x30 i2c.o
                0x00000e48                i2c_readNAck
 .text.main     0x00000e78      0x1ec main.o
                0x00000e78                main
 .text.__vector_1
                0x00001064       0x58 main.o
                0x00001064                __vector_1
 .text.__vector_16
                0x000010bc       0x52 main.o
                0x000010bc                __vector_16
 .text.oled_command
                0x0000110e       0x3c oled.o
                0x0000110e                oled_command
 .text.oled_data
                0x0000114a       0x48 oled.o
                0x0000114a                oled_data
 .text.oled_goto_xpix_y
                0x00001192       0x68 oled.o
                0x00001192                oled_goto_xpix_y
 .text.oled_gotoxy
                0x000011fa       0x10 oled.o
                0x000011fa                oled_gotoxy
 .text.oled_home
                0x0000120a        0xa oled.o
                0x0000120a                oled_home
 .text.oled_clrscr
                0x00001214       0x5e oled.o
                0x00001214                oled_clrscr
 .text.oled_init
                0x00001272       0x64 oled.o
                0x00001272                oled_init
 .text.oled_putc
                0x000012d6      0x356 oled.o
                0x000012d6                oled_putc
 .text.oled_puts_p
                0x0000162c       0x1e oled.o
                0x0000162c                oled_puts_p
 .text.uart0_putc
                0x0000164a       0x3a usart.o
                0x0000164a                uart0_putc
 .text.uart_putchar
                0x00001684       0x1c usart.o
                0x00001684                uart_putchar
 .text.uart0_putstr
                0x000016a0       0x1e usart.o
                0x000016a0                uart0_putstr
 .text.uart0_puts_p
                0x000016be       0x1e usart.o
                0x000016be                uart0_puts_p
 .text.uart0_getData
                0x000016dc       0x2a usart.o
                0x000016dc                uart0_getData
 .text.uart_getchar
                0x00001706       0x1c usart.o
                0x00001706                uart_getchar
 .text.__vector_19
                0x00001722       0x3c usart.o
                0x00001722                __vector_19
 .text.__vector_18
                0x0000175e       0x36 usart.o
                0x0000175e                __vector_18
 .text.avr-libc.fplib
                0x00001794       0x7a c:/program files (x86)/atmel/studio/7.0/toolchain/avr8/avr8-gnu-toolchain/bin/../lib/gcc/avr/5.4.0/../../../../avr/lib/avr5\libm.a(floatsisf.o)
                0x00001794                __floatunsisf
                0x00001798                __floatsisf
 .text.avr-libc.fplib
                0x0000180e        0x8 c:/program files (x86)/atmel/studio/7.0/toolchain/avr8/avr8-gnu-toolchain/bin/../lib/gcc/avr/5.4.0/../../../../avr/lib/avr5\libm.a(mulsf3.o)
                0x0000180e                __mulsf3
 .text.avr-libc.fplib
                0x00001816       0xd2 c:/program files (x86)/atmel/studio/7.0/toolchain/avr8/avr8-gnu-toolchain/bin/../lib/gcc/avr/5.4.0/../../../../avr/lib/avr5\libm.a(mulsf3x.o)
                0x00001834                __mulsf3x
                0x0000183a                __mulsf3_pse
 .text.avr-libc.fplib
                0x000018e8        0xc c:/program files (x86)/atmel/studio/7.0/toolchain/avr8/avr8-gnu-toolchain/bin/../lib/gcc/avr/5.4.0/../../../../avr/lib/avr5\libm.a(fp_inf.o)
                0x000018e8                __fp_inf
 .text.avr-libc.fplib
                0x000018f4        0x6 c:/program files (x86)/atmel/studio/7.0/toolchain/avr8/avr8-gnu-toolchain/bin/../lib/gcc/avr/5.4.0/../../../../avr/lib/avr5\libm.a(fp_nan.o)
                0x000018f4                __fp_nan
 .text.avr-libc.fplib
                0x000018fa        0xe c:/program files (x86)/atmel/studio/7.0/toolchain/avr8/avr8-gnu-toolchain/bin/../lib/gcc/avr/5.4.0/../../../../avr/lib/avr5\libm.a(fp_pscA.o)
                0x000018fa                __fp_pscA
 .text.avr-libc.fplib
                0x00001908        0xe c:/program files (x86)/atmel/studio/7.0/toolchain/avr8/avr8-gnu-toolchain/bin/../lib/gcc/avr/5.4.0/../../../../avr/lib/avr5\libm.a(fp_pscB.o)
                0x00001908                __fp_pscB
 .text.avr-libc.fplib
                0x00001916       0x22 c:/program files (x86)/atmel/studio/7.0/toolchain/avr8/avr8-gnu-toolchain/bin/../lib/gcc/avr/5.4.0/../../../../avr/lib/avr5\libm.a(fp_round.o)
                0x00001916                __fp_round
 .text.avr-libc.fplib
                0x00001938       0x44 c:/program files (x86)/atmel/studio/7.0/toolchain/avr8/avr8-gnu-toolchain/bin/../lib/gcc/avr/5.4.0/../../../../avr/lib/avr5\libm.a(fp_split3.o)
                0x00001938                __fp_split3
                0x00001948                __fp_splitA
 .text.avr-libc.fplib
                0x0000197c        0xe c:/program files (x86)/atmel/studio/7.0/toolchain/avr8/avr8-gnu-toolchain/bin/../lib/gcc/avr/5.4.0/../../../../avr/lib/avr5\libm.a(fp_zero.o)
                0x0000197c                __fp_zero
                0x0000197e                __fp_szero
 .text.avr-libc
                0x0000198a      0x6fa c:/program files (x86)/atmel/studio/7.0/toolchain/avr8/avr8-gnu-toolchain/bin/../lib/gcc/avr/5.4.0/../../../../avr/lib/avr5\libprintf_flt.a(vfprintf_flt.o)
                0x0000198a                vfprintf
 .text.libgcc.div
                0x00002084       0x28 c:/program files (x86)/atmel/studio/7.0/toolchain/avr8/avr8-gnu-toolchain/bin/../lib/gcc/avr/5.4.0/avr5\libgcc.a(_divmodhi4.o)
                0x00002084                _div
                0x00002084                __divmodhi4
 .text.libgcc.prologue
                0x000020ac       0x38 c:/program files (x86)/atmel/studio/7.0/toolchain/avr8/avr8-gnu-toolchain/bin/../lib/gcc/avr/5.4.0/avr5\libgcc.a(_prologue.o)
                0x000020ac                __prologue_saves__
 .text.libgcc.prologue
                0x000020e4       0x36 c:/program files (x86)/atmel/studio/7.0/toolchain/avr8/avr8-gnu-toolchain/bin/../lib/gcc/avr/5.4.0/avr5\libgcc.a(_epilogue.o)
                0x000020e4                __epilogue_restores__
 .text.libgcc.div
                0x0000211a       0x28 c:/program files (x86)/atmel/studio/7.0/toolchain/avr8/avr8-gnu-toolchain/bin/../lib/gcc/avr/5.4.0/avr5\libgcc.a(_udivmodhi4.o)
                0x0000211a                __udivmodhi4
 .text.avr-libc
                0x00002142      0x1b0 c:/program files (x86)/atmel/studio/7.0/toolchain/avr8/avr8-gnu-toolchain/bin/../lib/gcc/avr/5.4.0/../../../../avr/lib/avr5\libc.a(ftoa_engine.o)
                0x00002142                __ftoa_engine
 .text.avr-libc
                0x000022f2       0x16 c:/program files (x86)/atmel/studio/7.0/toolchain/avr8/avr8-gnu-toolchain/bin/../lib/gcc/avr/5.4.0/../../../../avr/lib/avr5\libc.a(strnlen_P.o)
                0x000022f2                strnlen_P
 .text.avr-libc
                0x00002308       0x16 c:/program files (x86)/atmel/studio/7.0/toolchain/avr8/avr8-gnu-toolchain/bin/../lib/gcc/avr/5.4.0/../../../../avr/lib/avr5\libc.a(strnlen.o)
                0x00002308                strnlen
 .text.avr-libc
                0x0000231e       0x34 c:/program files (x86)/atmel/studio/7.0/toolchain/avr8/avr8-gnu-toolchain/bin/../lib/gcc/avr/5.4.0/../../../../avr/lib/avr5\libc.a(utoa_ncheck.o)
                0x0000231e                __utoa_ncheck
                0x00002320                __utoa_common
 .text.avr-libc
                0x00002352       0x78 c:/program files (x86)/atmel/studio/7.0/toolchain/avr8/avr8-gnu-toolchain/bin/../lib/gcc/avr/5.4.0/../../../../avr/lib/avr5\libc.a(fputc.o)
                0x00002352                fputc
 .text.avr-libc
                0x000023ca       0x2c c:/program files (x86)/atmel/studio/7.0/toolchain/avr8/avr8-gnu-toolchain/bin/../lib/gcc/avr/5.4.0/../../../../avr/lib/avr5\libc.a(printf.o)
                0x000023ca                printf
 .text.avr-libc
                0x000023f6       0xbc c:/program files (x86)/atmel/studio/7.0/toolchain/avr8/avr8-gnu-toolchain/bin/../lib/gcc/avr/5.4.0/../../../../avr/lib/avr5\libc.a(ultoa_invert.o)
                0x000023f6                __ultoa_invert
 .text.avr-libc
                0x000024b2       0x20 c:/program files (x86)/atmel/studio/7.0/toolchain/avr8/avr8-gnu-toolchain/bin/../lib/gcc/avr/5.4.0/../../../../avr/lib/avr5\libc.a(strrev.o)
                0x000024b2                strrev
 .text.libgcc.mul
                0x000024d2       0x20 c:/program files (x86)/atmel/studio/7.0/toolchain/avr8/avr8-gnu-toolchain/bin/../lib/gcc/avr/5.4.0/avr5\libgcc.a(_mulsi3.o)
                0x000024d2                __mulsi3
 .text.libgcc.div
                0x000024f2       0x44 c:/program files (x86)/atmel/studio/7.0/toolchain/avr8/avr8-gnu-toolchain/bin/../lib/gcc/avr/5.4.0/avr5\libgcc.a(_udivmodsi4.o)
                0x000024f2                __udivmodsi4
 .text.libgcc.div
                0x00002536       0x2e c:/program files (x86)/atmel/studio/7.0/toolchain/avr8/avr8-gnu-toolchain/bin/../lib/gcc/avr/5.4.0/avr5\libgcc.a(_divmodsi4.o)
                0x00002536                __divmodsi4
 .text.libgcc.div
                0x00002564       0x10 c:/program files (x86)/atmel/studio/7.0/toolchain/avr8/avr8-gnu-toolchain/bin/../lib/gcc/avr/5.4.0/avr5\libgcc.a(_negsi2.o)
                0x00002564                __negsi2
 .text.libgcc.mul
                0x00002574        0xe c:/program files (x86)/atmel/studio/7.0/toolchain/avr8/avr8-gnu-toolchain/bin/../lib/gcc/avr/5.4.0/avr5\libgcc.a(_usmulhisi3.o)
                0x00002574                __usmulhisi3
                0x00002578                __usmulhisi3_tail
 .text.libgcc.mul
                0x00002582       0x16 c:/program files (x86)/atmel/studio/7.0/toolchain/avr8/avr8-gnu-toolchain/bin/../lib/gcc/avr/5.4.0/avr5\libgcc.a(_muluhisi3.o)
                0x00002582                __muluhisi3
 .text.libgcc.mul
                0x00002598       0x1e c:/program files (x86)/atmel/studio/7.0/toolchain/avr8/avr8-gnu-toolchain/bin/../lib/gcc/avr/5.4.0/avr5\libgcc.a(_umulhisi3.o)
                0x00002598                __umulhisi3
                0x000025b6                . = ALIGN (0x2)
 *(.fini9)
 .fini9         0x000025b6        0x0 c:/program files (x86)/atmel/studio/7.0/toolchain/avr8/avr8-gnu-toolchain/bin/../lib/gcc/avr/5.4.0/avr5\libgcc.a(_exit.o)
                0x000025b6                _exit
                0x000025b6                exit
 *(.fini9)
 *(.fini8)
 *(.fini8)
 *(.fini7)
 *(.fini7)
 *(.fini6)
 *(.fini6)
 *(.fini5)
 *(.fini5)
 *(.fini4)
 *(.fini4)
 *(.fini3)
 *(.fini3)
 *(.fini2)
 *(.fini2)
 *(.fini1)
 *(.fini1)
 *(.fini0)
 .fini0         0x000025b6        0x4 c:/program files (x86)/atmel/studio/7.0/toolchain/avr8/avr8-gnu-toolchain/bin/../lib/gcc/avr/5.4.0/avr5\libgcc.a(_exit.o)
 *(.fini0)
                0x000025ba                _etext = .

.data           0x00800100       0x1e load address 0x000025ba
                0x00800100                PROVIDE (__data_start, .)
 *(.data)
 .data          0x00800100        0x2 c:/program files (x86)/atmel/studio/7.0/toolchain/avr8/avr8-gnu-toolchain/bin/../lib/gcc/avr/5.4.0/../../../../avr/lib/avr5\libc.a(asc_store.o)
                0x00800100                __asc_store
 *(.data*)
 .data.gp_rtcTime
                0x00800102        0x2 main.o
                0x00800102                gp_rtcTime
 .data.gp_time  0x00800104        0x2 main.o
                0x00800104                gp_time
 .data.charMode
                0x00800106        0x1 oled.o
 .data.uart0_io
                0x00800107        0xe usart.o
                0x00800107                uart0_io
 *(.gnu.linkonce.d*)
 *(.rodata)
 *(.rodata*)
 .rodata.str1.1
                0x00800115        0x9 main.o
 *(.gnu.linkonce.r*)
                0x0080011e                . = ALIGN (0x2)
                0x0080011e                _edata = .
                0x0080011e                PROVIDE (__data_end, .)

.bss            0x0080011e       0x88
                0x0080011e                PROVIDE (__bss_start, .)
 *(.bss)
 *(.bss*)
 .bss.g_msCounter3
                0x0080011e        0x2 main.o
                0x0080011e                g_msCounter3
 .bss.g_msCounter2
                0x00800120        0x2 main.o
                0x00800120                g_msCounter2
 .bss.g_msCounter1
                0x00800122        0x2 main.o
                0x00800122                g_msCounter1
 .bss.g_heartbeat_1s
                0x00800124        0x1 main.o
                0x00800124                g_heartbeat_1s
 .bss.cursorPosition
                0x00800125        0x2 oled.o
 *(COMMON)
 COMMON         0x00800127        0x1 i2c.o
                0x00800127                I2C_ErrorCode
 COMMON         0x00800128       0x10 main.o
                0x00800128                rtc_time
                0x00800134                g_time
 COMMON         0x00800138       0x44 usart.o
                0x00800138                rx0_buffer
                0x00800158                tx0_Tail
                0x00800159                rx0_Tail
                0x0080015a                tx0_Head
                0x0080015b                rx0_Head
                0x0080015c                tx0_buffer
 COMMON         0x0080017c        0x6 c:/program files (x86)/atmel/studio/7.0/toolchain/avr8/avr8-gnu-toolchain/bin/../lib/gcc/avr/5.4.0/../../../../avr/lib/avr5\libc.a(iob.o)
                0x0080017c                __iob
 COMMON         0x00800182        0x4 c:/program files (x86)/atmel/studio/7.0/toolchain/avr8/avr8-gnu-toolchain/bin/../lib/gcc/avr/5.4.0/../../../../avr/lib/avr5\libc.a(system_time.o)
                0x00800182                __system_time
 COMMON         0x00800186        0x4 c:/program files (x86)/atmel/studio/7.0/toolchain/avr8/avr8-gnu-toolchain/bin/../lib/gcc/avr/5.4.0/../../../../avr/lib/avr5\libc.a(utc_offset.o)
                0x00800186                __utc_offset
 COMMON         0x0080018a       0x1a c:/program files (x86)/atmel/studio/7.0/toolchain/avr8/avr8-gnu-toolchain/bin/../lib/gcc/avr/5.4.0/../../../../avr/lib/avr5\libc.a(asc_store.o)
                0x0080018a                __store
 COMMON         0x008001a4        0x2 c:/program files (x86)/atmel/studio/7.0/toolchain/avr8/avr8-gnu-toolchain/bin/../lib/gcc/avr/5.4.0/../../../../avr/lib/avr5\libc.a(dst_pointer.o)
                0x008001a4                __dst_ptr
                0x008001a6                PROVIDE (__bss_end, .)
                0x000025ba                __data_load_start = LOADADDR (.data)
                0x000025d8                __data_load_end = (__data_load_start + SIZEOF (.data))

.noinit         0x008001a6        0x0
                [!provide]                PROVIDE (__noinit_start, .)
 *(.noinit*)
                [!provide]                PROVIDE (__noinit_end, .)
                0x008001a6                _end = .
                [!provide]                PROVIDE (__heap_start, .)

.eeprom         0x00810000        0x0
 *(.eeprom*)
                0x00810000                __eeprom_end = .

.fuse
 *(.fuse)
 *(.lfuse)
 *(.hfuse)
 *(.efuse)

.lock
 *(.lock*)

.signature
 *(.signature*)

.user_signatures
 *(.user_signatures*)

.stab
 *(.stab)

.stabstr
 *(.stabstr)

.stab.excl
 *(.stab.excl)

.stab.exclstr
 *(.stab.exclstr)

.stab.index
 *(.stab.index)

.stab.indexstr
 *(.stab.indexstr)

.comment        0x00000000       0x5c
 *(.comment)
 .comment       0x00000000       0x30 ds3231.o
                                 0x31 (size before relaxing)
 .comment       0x00000030       0x31 font.o
 .comment       0x00000030       0x31 i2c.o
 .comment       0x00000030       0x31 main.o
 .comment       0x00000030       0x31 oled.o
 .comment       0x00000030       0x31 usart.o
 .comment       0x00000030       0x2c c:/program files (x86)/atmel/studio/7.0/toolchain/avr8/avr8-gnu-toolchain/bin/../lib/gcc/avr/5.4.0/../../../../avr/lib/avr5\libprintf_flt.a(vfprintf_flt.o)
                                 0x2d (size before relaxing)
 .comment       0x0000005c       0x31 c:/program files (x86)/atmel/studio/7.0/toolchain/avr8/avr8-gnu-toolchain/bin/../lib/gcc/avr/5.4.0/../../../../avr/lib/avr5\libc.a(fputc.o)
 .comment       0x0000005c       0x31 c:/program files (x86)/atmel/studio/7.0/toolchain/avr8/avr8-gnu-toolchain/bin/../lib/gcc/avr/5.4.0/../../../../avr/lib/avr5\libc.a(iob.o)
 .comment       0x0000005c       0x31 c:/program files (x86)/atmel/studio/7.0/toolchain/avr8/avr8-gnu-toolchain/bin/../lib/gcc/avr/5.4.0/../../../../avr/lib/avr5\libc.a(printf.o)
 .comment       0x0000005c       0x31 c:/program files (x86)/atmel/studio/7.0/toolchain/avr8/avr8-gnu-toolchain/bin/../lib/gcc/avr/5.4.0/../../../../avr/lib/avr5\libc.a(ctime.o)
 .comment       0x0000005c       0x31 c:/program files (x86)/atmel/studio/7.0/toolchain/avr8/avr8-gnu-toolchain/bin/../lib/gcc/avr/5.4.0/../../../../avr/lib/avr5\libc.a(localtime_r.o)
 .comment       0x0000005c       0x31 c:/program files (x86)/atmel/studio/7.0/toolchain/avr8/avr8-gnu-toolchain/bin/../lib/gcc/avr/5.4.0/../../../../avr/lib/avr5\libc.a(mktime.o)
 .comment       0x0000005c       0x31 c:/program files (x86)/atmel/studio/7.0/toolchain/avr8/avr8-gnu-toolchain/bin/../lib/gcc/avr/5.4.0/../../../../avr/lib/avr5\libc.a(set_system_time.o)
 .comment       0x0000005c       0x31 c:/program files (x86)/atmel/studio/7.0/toolchain/avr8/avr8-gnu-toolchain/bin/../lib/gcc/avr/5.4.0/../../../../avr/lib/avr5\libc.a(system_time.o)
 .comment       0x0000005c       0x2d c:/program files (x86)/atmel/studio/7.0/toolchain/avr8/avr8-gnu-toolchain/bin/../lib/gcc/avr/5.4.0/../../../../avr/lib/avr5\libc.a(utc_offset.o)
 .comment       0x0000005c       0x31 c:/program files (x86)/atmel/studio/7.0/toolchain/avr8/avr8-gnu-toolchain/bin/../lib/gcc/avr/5.4.0/../../../../avr/lib/avr5\libc.a(asc_store.o)
 .comment       0x0000005c       0x31 c:/program files (x86)/atmel/studio/7.0/toolchain/avr8/avr8-gnu-toolchain/bin/../lib/gcc/avr/5.4.0/../../../../avr/lib/avr5\libc.a(asctime_r.o)
 .comment       0x0000005c       0x31 c:/program files (x86)/atmel/studio/7.0/toolchain/avr8/avr8-gnu-toolchain/bin/../lib/gcc/avr/5.4.0/../../../../avr/lib/avr5\libc.a(dst_pointer.o)
 .comment       0x0000005c       0x31 c:/program files (x86)/atmel/studio/7.0/toolchain/avr8/avr8-gnu-toolchain/bin/../lib/gcc/avr/5.4.0/../../../../avr/lib/avr5\libc.a(gmtime_r.o)
 .comment       0x0000005c       0x31 c:/program files (x86)/atmel/studio/7.0/toolchain/avr8/avr8-gnu-toolchain/bin/../lib/gcc/avr/5.4.0/../../../../avr/lib/avr5\libc.a(isLeap.o)
 .comment       0x0000005c       0x31 c:/program files (x86)/atmel/studio/7.0/toolchain/avr8/avr8-gnu-toolchain/bin/../lib/gcc/avr/5.4.0/../../../../avr/lib/avr5\libc.a(mk_gmtime.o)
 .comment       0x0000005c       0x31 c:/program files (x86)/atmel/studio/7.0/toolchain/avr8/avr8-gnu-toolchain/bin/../lib/gcc/avr/5.4.0/../../../../avr/lib/avr5\libc.a(print_lz.o)

.note.gnu.avr.deviceinfo
                0x00000000       0x40
 .note.gnu.avr.deviceinfo
                0x00000000       0x40 C:/Program Files (x86)/Atmel/Studio/7.0/Packs/atmel/ATmega_DFP/1.7.374/gcc/dev/atmega328p/avr5/crtatmega328p.o

.note.gnu.build-id
 *(.note.gnu.build-id)

.debug
 *(.debug)

.line
 *(.line)

.debug_srcinfo
 *(.debug_srcinfo)

.debug_sfnames
 *(.debug_sfnames)

.debug_aranges  0x00000000      0x308
 *(.debug_aranges)
 .debug_aranges
                0x00000000       0xc0 ds3231.o
 .debug_aranges
                0x000000c0       0x18 font.o
 .debug_aranges
                0x000000d8       0x58 i2c.o
 .debug_aranges
                0x00000130       0x30 main.o
 .debug_aranges
                0x00000160       0x90 oled.o
 .debug_aranges
                0x000001f0      0x118 usart.o

.debug_pubnames
 *(.debug_pubnames)

.debug_info     0x00000000     0x39d3
 *(.debug_info .gnu.linkonce.wi.*)
 .debug_info    0x00000000      0x5f4 C:/Program Files (x86)/Atmel/Studio/7.0/Packs/atmel/ATmega_DFP/1.7.374/gcc/dev/atmega328p/avr5/crtatmega328p.o
 .debug_info    0x000005f4      0x9b5 ds3231.o
 .debug_info    0x00000fa9       0xc3 font.o
 .debug_info    0x0000106c      0x1ee i2c.o
 .debug_info    0x0000125a      0xa27 main.o
 .debug_info    0x00001c81      0xae6 oled.o
 .debug_info    0x00002767     0x126c usart.o

.debug_abbrev   0x00000000     0x1046
 *(.debug_abbrev)
 .debug_abbrev  0x00000000      0x5a2 C:/Program Files (x86)/Atmel/Studio/7.0/Packs/atmel/ATmega_DFP/1.7.374/gcc/dev/atmega328p/avr5/crtatmega328p.o
 .debug_abbrev  0x000005a2      0x1d7 ds3231.o
 .debug_abbrev  0x00000779       0x50 font.o
 .debug_abbrev  0x000007c9       0xb6 i2c.o
 .debug_abbrev  0x0000087f      0x290 main.o
 .debug_abbrev  0x00000b0f      0x21d oled.o
 .debug_abbrev  0x00000d2c      0x31a usart.o

.debug_line     0x00000000     0x191a
 *(.debug_line .debug_line.* .debug_line_end)
 .debug_line    0x00000000      0x134 C:/Program Files (x86)/Atmel/Studio/7.0/Packs/atmel/ATmega_DFP/1.7.374/gcc/dev/atmega328p/avr5/crtatmega328p.o
 .debug_line    0x00000134      0x45f ds3231.o
 .debug_line    0x00000593       0x29 font.o
 .debug_line    0x000005bc      0x2f3 i2c.o
 .debug_line    0x000008af      0x2b6 main.o
 .debug_line    0x00000b65      0x58f oled.o
 .debug_line    0x000010f4      0x826 usart.o

.debug_frame    0x00000000      0x84c
 *(.debug_frame)
 .debug_frame   0x00000000      0x1c0 ds3231.o
 .debug_frame   0x000001c0       0x94 i2c.o
 .debug_frame   0x00000254       0x88 main.o
 .debug_frame   0x000002dc      0x200 oled.o
 .debug_frame   0x000004dc      0x370 usart.o

.debug_str      0x00000000      0xc6b
 *(.debug_str)
 .debug_str     0x00000000      0x208 C:/Program Files (x86)/Atmel/Studio/7.0/Packs/atmel/ATmega_DFP/1.7.374/gcc/dev/atmega328p/avr5/crtatmega328p.o
 .debug_str     0x00000208      0x376 ds3231.o
                                0x3db (size before relaxing)
 .debug_str     0x0000057e       0x33 font.o
                                0x193 (size before relaxing)
 .debug_str     0x000005b1       0x4b i2c.o
                                0x1fb (size before relaxing)
 .debug_str     0x000005fc      0x26f main.o
                                0x4a6 (size before relaxing)
 .debug_str     0x0000086b      0x11e oled.o
                                0x338 (size before relaxing)
 .debug_str     0x00000989      0x2e2 usart.o
                                0x53a (size before relaxing)

.debug_loc      0x00000000     0x242c
 *(.debug_loc)
 .debug_loc     0x00000000      0x4d8 ds3231.o
 .debug_loc     0x000004d8      0x1fb i2c.o
 .debug_loc     0x000006d3      0x1d6 main.o
 .debug_loc     0x000008a9      0xa7f oled.o
 .debug_loc     0x00001328     0x1104 usart.o

.debug_macinfo
 *(.debug_macinfo)

.debug_weaknames
 *(.debug_weaknames)

.debug_funcnames
 *(.debug_funcnames)

.debug_typenames
 *(.debug_typenames)

.debug_varnames
 *(.debug_varnames)

.debug_pubtypes
 *(.debug_pubtypes)

.debug_ranges   0x00000000      0x2d0
 *(.debug_ranges)
 .debug_ranges  0x00000000       0xb0 ds3231.o
 .debug_ranges  0x000000b0       0x48 i2c.o
 .debug_ranges  0x000000f8       0x20 main.o
 .debug_ranges  0x00000118       0xb0 oled.o
 .debug_ranges  0x000001c8      0x108 usart.o

.debug_macro
 *(.debug_macro)
OUTPUT(DigitalClockV015.elf elf32-avr)
LOAD linker stubs
